[INFO] Initiating in IDLE state
[DEBUG] Using selector: EpollSelector
[INFO] Loading model: {0: 'fire', 1: 'smoke'}
[ERROR] Could not open camera on interface 0. Retrying in 10 seconds
[INFO] Shutting down...

[ERROR] Could not open camera on interface 0. Retrying in 10 seconds
[INFO] Shutting down...

[INFO] Initiating in IDLE state
[DEBUG] Using selector: EpollSelector
[INFO] Loading model: {0: 'fire', 1: 'smoke'}
[ERROR] Could not open camera on interface 0. Retrying in 10 seconds
[INFO] Shutting down...

[ERROR] Could not open camera on interface 0. Retrying in 10 seconds
[INFO] Initiating in IDLE state
[DEBUG] Using selector: EpollSelector
[INFO] Loading model: {0: 'fire', 1: 'smoke'}
[ERROR] Could not open camera on interface 0. Retrying in 10 seconds
[INFO] Shutting down...

[ERROR] Could not open camera on interface 0. Retrying in 10 seconds
[INFO] Initiating in IDLE state
[DEBUG] Using selector: EpollSelector
[INFO] Loading model: {0: 'fire', 1: 'smoke'}
[ERROR] Could not open camera on interface 0. Retrying in 10 seconds
[INFO] Shutting down...

[ERROR] Could not open camera on interface 0. Retrying in 10 seconds
[INFO] Initiating in IDLE state
[DEBUG] Using selector: EpollSelector
[INFO] Loading model: {0: 'fire', 1: 'smoke'}
[ERROR] Could not open camera on interface 0. Retrying in 10 seconds
[INFO] Shutting down...

[ERROR] Could not open camera on interface 0. Retrying in 10 seconds
[INFO] Initiating in IDLE state
[DEBUG] Using selector: EpollSelector
[INFO] Loading model: {0: 'fire', 1: 'smoke'}
[ERROR] Could not open camera on interface 0. Retrying in 10 seconds
[INFO] Shutting down...

[ERROR] Could not open camera on interface 0. Retrying in 10 seconds
[INFO] Initiating in IDLE state
[DEBUG] Using selector: EpollSelector
[INFO] Loading model: {0: 'fire', 1: 'smoke'}
[ERROR] Could not open camera on interface 0. Retrying in 10 seconds
[INFO] vsf vc, fdp
[DEBUG] Using selector: EpollSelector
[ERROR] Could not open camera on interface 0. Retrying in 10 seconds
[INFO] vsf vc, fdp
[DEBUG] Using selector: EpollSelector
[INFO] Shutting down...

[INFO] Initiating in IDLE state
[DEBUG] Using selector: EpollSelector
[INFO] Loading model: {0: 'fire', 1: 'smoke'}
[ERROR] Could not open camera on interface 0. Retrying in 10 seconds
[INFO] Shutting down...

[ERROR] Could not open camera on interface 0. Retrying in 10 seconds
[INFO] Initiating in IDLE state
[DEBUG] Using selector: EpollSelector
[INFO] Loading model: {0: 'fire', 1: 'smoke'}
[ERROR] Could not open camera on interface 0. Retrying in 10 seconds
[INFO] Shutting down...

[ERROR] Could not open camera on interface 0. Retrying in 10 seconds
[CRITICAL] Unable to fucking do the thing: Unreachable camera index (usb0)
[INFO] Initiating in IDLE state
[DEBUG] Using selector: EpollSelector
[INFO] Loading model: {0: 'fire', 1: 'smoke'}
[ERROR] Could not open camera on interface 0. Retrying in 10 seconds
[INFO] vsf vc, fdp
[DEBUG] Using selector: EpollSelector
[INFO] Shutting down...

[ERROR] Could not open camera on interface 0. Retrying in 10 seconds
[CRITICAL] Unable to fucking do the thing: Unreachable camera index (usb0)
[INFO] Initiating in IDLE state
[DEBUG] Using selector: EpollSelector
[INFO] Loading model: {0: 'fire', 1: 'smoke'}
[ERROR] Could not open camera on interface 0. Retrying in 10 seconds
[ERROR] Could not open camera on interface 0. Retrying in 10 seconds
[CRITICAL] Unable to fucking do the thing: Unreachable camera index (usb0)
[INFO] Shutting down...

[INFO] Initiating in IDLE state
[DEBUG] Using selector: EpollSelector
[INFO] Loading model: {0: 'fire', 1: 'smoke'}
[ERROR] Could not open camera on interface 0. Retrying in 10 seconds
[ERROR] Could not open camera on interface 0. Retrying in 10 seconds
[CRITICAL] Unable to fucking do the thing: Unreachable camera index (usb0)
[INFO] Initiating in IDLE state
[DEBUG] Using selector: EpollSelector
[INFO] Loading model: {0: 'fire', 1: 'smoke'}
[ERROR] Could not open camera on interface 0. Retrying in 10 seconds
[ERROR] Could not open camera on interface 0. Retrying in 10 seconds
[CRITICAL] Unable to fucking do the thing: Unreachable camera index (usb0)
[INFO] Initiating in IDLE state
[DEBUG] Using selector: EpollSelector
[INFO] Loading model: {0: 'fire', 1: 'smoke'}
[ERROR] Could not open camera on interface 0. Retrying in 10 seconds
[INFO] Shutting down...

[ERROR] Could not open camera on interface 0. Retrying in 10 seconds
[CRITICAL] Unable to fucking do the thing: Unreachable camera index (usb0)
[INFO] Initiating in IDLE state
[DEBUG] Using selector: EpollSelector
[INFO] Loading model: {0: 'fire', 1: 'smoke'}
[ERROR] Could not open camera on interface 0. Retrying in 10 seconds
[INFO] Shutting down...

[INFO] Shutting down...

[INFO] Shutting down...

[INFO] Shutting down...

[INFO] Shutting down...

[INFO] Shutting down...

[INFO] Shutting down...

[ERROR] Could not open camera on interface 0. Retrying in 10 seconds
[INFO] Shutting down...

[INFO] Shutting down...

[INFO] Shutting down...

[INFO] Shutting down...

[INFO] Shutting down...

[INFO] Shutting down...

[INFO] Shutting down...

[INFO] Shutting down...

[INFO] Shutting down...

[INFO] Shutting down...

[INFO] Shutting down...

[INFO] Shutting down...

[INFO] Shutting down...

[CRITICAL] Unable to fucking do the thing: Unreachable camera index (usb0)
[WARNING] Invalid state: 'test'. Fallback to 'IDLE'
[DEBUG] Using selector: EpollSelector
[INFO] Loading model: {0: 'fire', 1: 'smoke'}
[ERROR] Could not open camera on interface 0. Retrying in 10 seconds
[INFO] Shutting down...

[ERROR] Could not open camera on interface 0. Retrying in 10 seconds
[CRITICAL] Unable to fucking do the thing: Unreachable camera index (usb0)
[WARNING] Invalid state: 'test'. Fallback to 'IDLE'
[DEBUG] Using selector: EpollSelector
[INFO] Loading model: {0: 'fire', 1: 'smoke'}
[ERROR] Could not open camera on interface 0. Retrying in 10 seconds
[INFO] Shutting down...

[ERROR] Could not open camera on interface 0. Retrying in 10 seconds
[CRITICAL] Unable to fucking do the thing: Unreachable camera index (usb0)
[WARNING] Invalid state: 'test'. Fallback to 'IDLE'
[DEBUG] Using selector: EpollSelector
[INFO] Loading model: {0: 'fire', 1: 'smoke'}
[ERROR] Could not open camera on interface 0. Retrying in 10 seconds
[ERROR] Could not open camera on interface 0. Retrying in 10 seconds
[CRITICAL] Unable to fucking do the thing: Unreachable camera index (usb0)
[WARNING] Invalid state: 'test'. Fallback to 'IDLE'
[DEBUG] Using selector: EpollSelector
[INFO] Loading model: {0: 'fire', 1: 'smoke'}
[ERROR] Could not open camera on interface 0. Retrying in 10 seconds
[INFO] Shutting down...

[DEBUG] Using selector: EpollSelector
[ERROR] Could not open camera on interface 0. Retrying in 10 seconds
[CRITICAL] Unable to fucking do the thing: Unreachable camera index (usb0)
[INFO] Shutting down...

[WARNING] Invalid state: 'test'. Fallback to 'IDLE'
[DEBUG] Using selector: EpollSelector
[INFO] Loading model: {0: 'fire', 1: 'smoke'}
[ERROR] Could not open camera on interface 0. Retrying in 10 seconds
[INFO] Shutting down...

[ERROR] Could not open camera on interface 0. Retrying in 10 seconds
[CRITICAL] Unable to fucking do the thing: Unreachable camera index (usb0)
[INFO] Shutting down...

[WARNING] Invalid state: 'test'. Fallback to 'IDLE'
[DEBUG] Using selector: EpollSelector
[INFO] Loading model: {0: 'fire', 1: 'smoke'}
[ERROR] Could not open camera on interface 0. Retrying in 10 seconds
[DEBUG] Using selector: EpollSelector
[INFO] Shutting down...

[ERROR] Could not open camera on interface 0. Retrying in 10 seconds
[CRITICAL] Unable to fucking do the thing: Unreachable camera index (usb0)
[INFO] Shutting down...

[WARNING] Invalid state: 'test'. Fallback to 'IDLE'
[DEBUG] Using selector: EpollSelector
[INFO] Loading model: {0: 'fire', 1: 'smoke'}
[ERROR] Could not open camera on interface 0. Retrying in 10 seconds
[DEBUG] Using selector: EpollSelector
[INFO] Shutting down...

[ERROR] Could not open camera on interface 0. Retrying in 10 seconds
[CRITICAL] Failed to start Vision: Unreachable camera index (usb0)
[INFO] Shutting down...

[WARNING] Invalid state: 'test'. Fallback to 'IDLE'
[DEBUG] Using selector: EpollSelector
[INFO] Loading model: {0: 'fire', 1: 'smoke'}
[ERROR] Could not open camera on interface 0. Retrying in 10 seconds
[INFO] Shutting down...

[DEBUG] Using selector: EpollSelector
[ERROR] Could not open camera on interface 0. Retrying in 10 seconds
[WARNING] Invalid state: 'test'. Fallback to 'IDLE'
[DEBUG] Using selector: EpollSelector
[INFO] Loading model: {0: 'fire', 1: 'smoke'}
[ERROR] Could not open camera on interface 0. Retrying in 10 seconds
[INFO] Shutting down...

[DEBUG] Using selector: EpollSelector
[ERROR] Could not open camera on interface 0. Retrying in 10 seconds
[CRITICAL] Failed to start Vision: Unreachable camera index (usb0)
[INFO] Shutting down...

[WARNING] Invalid state: 'test'. Fallback to 'IDLE'
[DEBUG] Using selector: EpollSelector
[INFO] Loading model: {0: 'fire', 1: 'smoke'}
[ERROR] Could not open camera on interface 0. Retrying in 10 seconds
[ERROR] Could not open camera on interface 0. Retrying in 10 seconds
[DEBUG] Using selector: EpollSelector
[INFO] Shutting down...

[CRITICAL] Failed to start Vision: Unreachable camera index (usb0)
[INFO] Shutting down...

[INFO] Initiating in IDLE state
[ERROR] Invalid or not found model path: '/home/ju/Prog/prevfire-bot/models/detect-fd.pt'. Trying fallback
[CRITICAL] Failed to start Vision: Failed to start Vision: Invalid or not found model
[DEBUG] Using selector: EpollSelector
[INFO] Shutting down...

[INFO] Initiating in IDLE state
[ERROR] Invalid or not found model path: '/home/ju/Prog/prevfire-bot/models/detect-fd.pt'. Trying fallback
[CRITICAL] Failed to start Vision: Failed to start Vision: Invalid or not found model
[INFO] Shutting down...

[INFO] Initiating in IDLE state
[DEBUG] Using selector: EpollSelector
[INFO] Using existing ncnn model
[INFO] Loading model: {0: 'fire', 1: 'smoke'}
[ERROR] Could not open camera on interface 0. Retrying in 10 seconds
[INFO] Shutting down...

[DEBUG] Using selector: EpollSelector
[ERROR] Could not open camera on interface 0. Retrying in 10 seconds
[CRITICAL] Failed to start Vision: Unreachable camera index (usb0)
[INFO] Shutting down...

[INFO] Initiating in IDLE state
[INFO] Loading model: {0: 'fire', 1: 'smoke'}
[ERROR] Could not open camera on interface 0. Retrying in 10 seconds
[INFO] Shutting down...

[ERROR] Could not open camera on interface 0. Retrying in 10 seconds
[CRITICAL] Failed to start Vision: Unreachable camera index (usb0)
[INFO] Shutting down...

[INFO] Initiating in IDLE state
[DEBUG] Using selector: EpollSelector
[INFO] Loading model: {0: 'fire', 1: 'smoke'}
[ERROR] Could not open camera on interface 0. Retrying in 10 seconds
[INFO] Shutting down...

[ERROR] Could not open camera on interface 0. Retrying in 10 seconds
[CRITICAL] Failed to start Vision: Unreachable camera index (usb0)
[INFO] Shutting down...

